// Jest Snapshot v1, https://jestjs.io/docs/snapshot-testing

exports[`AboutSection matches snapshot 1`] = `
<DocumentFragment>
  <section
    class="flex flex-col items-center justify-center py-8 md:py-10"
  >
    <div
      class="flex flex-col-reverse lg:flex-row max-w-3xl w-full px-8 gap-8"
    >
      <div
        class="prose prose-neutral text-xl dark:prose-invert flex-1"
      >
        <h1
          class="mb-8 text-2xl font-medium text-center"
        >
          About Me
        </h1>
        <p>
          Hello, I'm Naeem Khan, a cybersecurity-focused software developer based in Berlin. After earning my Master's in Computer Science with Cybersecurity specialization from SRH Berlin University, I actively pursue industry certifications (SAL1, PT1) and participate in Capture The Flag competitions to sharpen my real-world vulnerability assessment skills against evolving threats.
        </p>
        <br />
        <p>
          My cybersecurity expertise is reinforced by two years of software development experience in Dubai, where I engineered full-stack solutions with Python, Django, PostgreSQL, and Angular. This dual perspective enables me to build inherently secure systems from the ground up; transforming security theory into resilient applications that withstand modern cyber risks.
        </p>
      </div>
      <div
        class="flex flex-col items-center justify-start gap-4 mt-4 sm:mt-14 "
      >
        <img
          alt="Profile photo"
          class="rounded-full"
          data-nimg="1"
          decoding="async"
          height="210"
          src="/images/pp.jpg"
          style="color: transparent;"
          width="210"
        />
        <div
          class="flex gap-4"
        >
          <a
            aria-label="Linkedin"
            class="relative inline-flex items-center tap-highlight-transparent outline-none data-[focus-visible=true]:z-10 data-[focus-visible=true]:outline-2 data-[focus-visible=true]:outline-focus data-[focus-visible=true]:outline-offset-2 text-medium text-primary no-underline hover:opacity-hover active:opacity-disabled transition-opacity"
            data-react-aria-pressable="true"
            href="https://www.linkedin.com/in/naeem-khan-/"
            rel="noopener noreferrer"
            role="link"
            tabindex="0"
            target="_blank"
          >
            <svg
              class="w-6 h-6 text-danger hover:text-pink-300 dark:hover:text-pink-900"
              height="24"
              viewBox="0 0 448 512"
              width="24"
            >
              <path
                clip-rule="evenodd"
                d="M100.28 448H7.4V148.9h92.88zM53.79 108.1C24.09 108.1 0 83.5 0 53.8a53.79 53.79 0 0 1 107.58 0c0 29.7-24.1 54.3-53.79 54.3zM447.9 448h-92.68V302.4c0-34.7-.7-79.2-48.29-79.2-48.29 0-55.69 37.7-55.69 76.7V448h-92.78V148.9h89.08v40.8h1.3c12.4-23.5 42.69-48.3 87.88-48.3 94 0 111.28 61.9 111.28 142.3V448z"
                fill="currentColor"
                fill-rule="evenodd"
              />
            </svg>
          </a>
          <a
            aria-label="Github"
            class="relative inline-flex items-center tap-highlight-transparent outline-none data-[focus-visible=true]:z-10 data-[focus-visible=true]:outline-2 data-[focus-visible=true]:outline-focus data-[focus-visible=true]:outline-offset-2 text-medium text-primary no-underline hover:opacity-hover active:opacity-disabled transition-opacity"
            data-react-aria-pressable="true"
            href="https://github.com/NaeemKhan14/"
            rel="noopener noreferrer"
            role="link"
            tabindex="0"
            target="_blank"
          >
            <svg
              class="w-6 h-6 text-danger hover:text-pink-300 dark:hover:text-pink-900"
              height="24"
              viewBox="0 0 24 24"
              width="24"
            >
              <path
                clip-rule="evenodd"
                d="M12.026 2c-5.509 0-9.974 4.465-9.974 9.974 0 4.406 2.857 8.145 6.821 9.465.499.09.679-.217.679-.481 0-.237-.008-.865-.011-1.696-2.775.602-3.361-1.338-3.361-1.338-.452-1.152-1.107-1.459-1.107-1.459-.905-.619.069-.605.069-.605 1.002.07 1.527 1.028 1.527 1.028.89 1.524 2.336 1.084 2.902.829.091-.645.351-1.085.635-1.334-2.214-.251-4.542-1.107-4.542-4.93 0-1.087.389-1.979 1.024-2.675-.101-.253-.446-1.268.099-2.64 0 0 .837-.269 2.742 1.021a9.582 9.582 0 0 1 2.496-.336 9.554 9.554 0 0 1 2.496.336c1.906-1.291 2.742-1.021 2.742-1.021.545 1.372.203 2.387.099 2.64.64.696 1.024 1.587 1.024 2.675 0 3.833-2.33 4.675-4.552 4.922.355.308.675.916.675 1.846 0 1.334-.012 2.41-.012 2.737 0 .267.178.577.687.479C19.146 20.115 22 16.379 22 11.974 22 6.465 17.535 2 12.026 2z"
                fill="currentColor"
                fill-rule="evenodd"
              />
            </svg>
          </a>
        </div>
        <div
          class="flex gap-3"
        >
          <a
            class="text-white bg-danger px-8 py-2 rounded-lg text-sm hover:bg-pink-300 dark:hover:bg-pink-900"
            href="cv/Naeem Khan CV (Cyber Security).pdf"
          >
            CV 1
          </a>
          <a
            class="text-white bg-danger px-8 py-2 rounded-lg text-sm hover:bg-pink-300 dark:hover:bg-pink-900"
            href="cv/Naeem Khan CV.pdf"
          >
            CV 2
          </a>
        </div>
      </div>
    </div>
  </section>
</DocumentFragment>
`;
